// Jest Snapshot v1, https://goo.gl/fbAQLP

exports[`render DocumentNodes 1`] = `
.c0 {
  box-sizing: border-box;
  margin: -16px;
  height: 100%;
  width: 100%;
}

.c2 {
  box-sizing: border-box;
  flex: 1;
}

.c3 {
  box-sizing: border-box;
  margin-top: 24px;
  margin-left: auto;
  margin-right: auto;
  padding-left: 32px;
  padding-right: 32px;
}

.c5 {
  box-sizing: border-box;
  margin-bottom: 8px;
}

.c7 {
  box-sizing: border-box;
}

.c14 {
  box-sizing: border-box;
  padding-left: 24px;
  padding-right: 24px;
}

.c24 {
  box-sizing: border-box;
  margin-bottom: 4px;
  margin-right: 8px;
}

.c31 {
  line-height: 1.5;
  margin: 0;
  display: inline-flex;
  justify-content: center;
  align-items: center;
  box-sizing: border-box;
  border: none;
  border-radius: 4px;
  cursor: pointer;
  font-family: inherit;
  font-weight: 600;
  outline: none;
  position: relative;
  text-align: center;
  text-decoration: none;
  text-transform: uppercase;
  transition: all 0.3s;
  -webkit-font-smoothing: antialiased;
  color: #FFFFFF;
  background: rgba(255,255,255,0);
  border: 1px solid rgba(255,255,255,0.36);
  font-size: 10px;
  min-height: 24px;
  padding: 0px 16px;
  height: 24px;
}

.c31:hover,
.c31:focus {
  background: rgba(255,255,255,0.07);
}

.c31:active {
  background: rgba(255,255,255,0.13);
}

.c31:disabled {
  background: rgba(255,255,255,0.12);
  color: rgba(255,255,255,0.3);
  cursor: auto;
}

.c6 {
  overflow: hidden;
  text-overflow: ellipsis;
  font-size: 12px;
  margin: 0px;
}

.c20 {
  overflow: hidden;
  text-overflow: ellipsis;
  font-weight: 400;
  font-size: 12px;
  line-height: 16px;
  margin: 0px;
}

.c26 {
  overflow: hidden;
  text-overflow: ellipsis;
  font-weight: 400;
  font-size: 12px;
  line-height: 16px;
  margin: 0px;
  margin-right: 4px;
  font-weight: 500;
}

.c22 {
  display: inline-flex;
  align-items: center;
  justify-content: center;
}

.c32 {
  display: inline-flex;
  align-items: center;
  justify-content: center;
  color: rgba(255,255,255,0.72);
  margin-left: 4px;
  margin-right: -8px;
}

.c29 {
  box-sizing: border-box;
  border-radius: 10px;
  display: inline-block;
  font-size: 10px;
  font-weight: 500;
  padding: 0 8px;
  margin: 1px 0;
  vertical-align: middle;
  background-color: rgba(255,255,255,0.07);
  color: #FFFFFF;
  font-weight: 400;
  margin-right: 4px;
}

.c1 {
  display: flex;
}

.c8 {
  display: flex;
  flex-direction: column;
}

.c15 {
  display: flex;
  align-items: center;
  gap: 8px;
}

.c25 {
  display: flex;
  justify-content: flex-end;
}

.c28 {
  display: flex;
  flex-wrap: wrap;
}

.c16 {
  position: relative;
  display: flex;
  align-items: center;
  cursor: pointer;
}

.c16[disabled] {
  cursor: default;
}

.c19 {
  width: 32px;
  height: 16px;
  border-radius: 10px;
  cursor: inherit;
  flex-shrink: 0;
  background: rgba(255,255,255,0.07);
  transition: background 0.15s ease-in-out;
}

.c19:hover {
  background: rgba(255,255,255,0.13);
}

.c19:active {
  background: rgba(255,255,255,0.18);
}

.c19:before {
  content: '';
  position: absolute;
  top: 50%;
  width: 12px;
  height: 12px;
  transform: translate(2px,-50%);
  border-radius: 14px;
  background: #FFFFFF;
  box-shadow: 0px 2px 1px -1px rgba(0,0,0,0.2),0px 1px 1px rgba(0,0,0,0.14),0px 1px 3px rgba(0,0,0,0.12);
  transition: transform 0.05s ease-in;
}

.c17 {
  opacity: 0;
  position: absolute;
  cursor: inherit;
  z-index: -1;
}

.c17:checked + .c18:before {
  transform: translate(18px,-50%);
}

.c17:enabled:checked + .c18 {
  background: #00BFA6;
}

.c17:enabled:checked + .c18:hover {
  background: #33CCB8;
}

.c17:enabled:checked + .c18:active {
  background: #66D9CA;
}

.c17:disabled + .c18 {
  background: rgba(255,255,255,0.07);
}

.c17:disabled + .c18:before {
  opacity: 0.36;
  box-shadow: none;
}

.c17:disabled:checked + .c18 {
  background: rgba(0,191,166,0.25);
}

.c23 {
  height: 18px;
  width: 18px;
  color: inherit;
}

.c21 {
  vertical-align: middle;
  display: inline-block;
  height: 18px;
}

.c21:hover {
  cursor: pointer;
}

.c27 {
  border-collapse: collapse;
  border-spacing: 0;
  border-style: hidden;
  font-size: 12px;
  width: 100%;
}

.c27 > thead > tr > th,
.c27 > tbody > tr > th,
.c27 > tfoot > tr > th,
.c27 > thead > tr > td,
.c27 > tbody > tr > td,
.c27 > tfoot > tr > td {
  padding: 8px 8px;
  vertical-align: middle;
}

.c27 > thead > tr > th:first-child,
.c27 > tbody > tr > th:first-child,
.c27 > tfoot > tr > th:first-child,
.c27 > thead > tr > td:first-child,
.c27 > tbody > tr > td:first-child,
.c27 > tfoot > tr > td:first-child {
  padding-left: 24px;
}

.c27 > thead > tr > th:last-child,
.c27 > tbody > tr > th:last-child,
.c27 > tfoot > tr > th:last-child,
.c27 > thead > tr > td:last-child,
.c27 > tbody > tr > td:last-child,
.c27 > tfoot > tr > td:last-child {
  padding-right: 24px;
}

.c27 > tbody > tr > td {
  vertical-align: middle;
}

.c27 > thead > tr > th {
  color: #FFFFFF;
  font-weight: 600;
  font-size: 14px;
  line-height: 24px;
  cursor: pointer;
  padding-bottom: 0;
  padding-top: 0;
  text-align: left;
  white-space: nowrap;
}

.c27 > thead > tr > th svg {
  height: 12px;
}

.c27 > tbody > tr > td {
  color: #FFFFFF;
  font-weight: 300;
  font-size: 14px;
  line-height: 20px;
  letter-spacing: 0.035px;
}

.c27 tbody tr {
  transition: all 150ms;
  position: relative;
  border-top: 2px solid rgba(255,255,255,0.07);
}

.c27 tbody tr:hover {
  border-top: 2px solid rgba(0,0,0,0);
  background-color: #222C59;
}

.c27 tbody tr:hover:after {
  box-shadow: 0px 1px 10px 0px rgba(0,0,0,0.12),0px 4px 5px 0px rgba(0,0,0,0.14),0px 2px 4px -1px rgba(0,0,0,0.20);
  content: '';
  position: absolute;
  top: 0;
  left: 0;
  z-index: -1;
  width: 100%;
  height: 100%;
}

.c27 tbody tr:hover + tr {
  border-top: 2px solid rgba(0,0,0,0);
}

.c30 {
  cursor: pointer;
}

.c30:hover {
  background-color: rgba(255,255,255,0.13);
}

.c13 {
  position: relative;
  height: 100%;
  right: 0;
  display: flex;
  align-items: center;
  justify-content: center;
  border-radius: 0 200px 200px 0;
}

.c12 {
  position: absolute;
  height: 100%;
  right: 0;
  display: flex;
  align-items: center;
  justify-content: center;
  border-left: 1px solid rgba(255,255,255,0.07);
  border-radius: 0 200px 200px 0;
}

.c10 {
  position: relative;
  display: flex;
  overflow: hidden;
  border-radius: 200px;
  height: 100%;
  background: transparent;
  max-width: 725px;
}

.c9 {
  background: #0C143D;
  border-radius: 200px;
  width: 100%;
  height: 56px;
  margin-bottom: 12px;
}

.c11 {
  border: none;
  outline: none;
  box-sizing: border-box;
  font-size: 16px;
  width: 100%;
  transition: all 0.2s;
  padding-left: 16px;
  padding-right: 16px;
  color: #FFFFFF;
  background: rgba(255,255,255,0.07);
  padding-right: 184px;
  padding-left: 24px;
}

.c4 {
  flex-direction: column;
  display: flex;
  flex: 1;
  max-width: 1024px;
  height: fit-content;
}

.c4::after {
  content: ' ';
  padding-bottom: 24px;
}

<div
  class="c0 c1"
  height="100%"
  style="position: absolute;"
  width="100%"
>
  <div
    class="c2 c1"
    style="overflow: auto; display: flex; position: relative;"
  >
    <div
      class="c3 c4"
    >
      <div
        class="c5"
      >
        <div
          class="c6"
          font-size="1"
        >
          Clusters:
        </div>
      </div>
      <form
        class="c7 c8"
      >
        <div
          class="c9"
        >
          <div
            class="c10"
          >
            <input
              class="c11"
              placeholder="Search..."
              value=""
            />
            <div
              class="c12"
            >
              <div
                class="c13"
              >
                <div
                  class="c14 c15"
                >
                  <label
                    class="c16"
                  >
                    <input
                      class="c17"
                      type="checkbox"
                    />
                    <div
                      class="c18 c19"
                    />
                  </label>
                  <div
                    class="c20"
                  >
                    Advanced
                  </div>
                  <span
                    class="c21"
                    role="icon"
                  >
                    <span
                      class="c22 c23"
                    >
                      <svg
                        fill="currentColor"
                        height="20"
                        viewBox="0 0 24 24"
                        width="20"
                      >
                        <path
                          d="M11.625 8.8125C12.1428 8.8125 12.5625 8.39277 12.5625 7.875C12.5625 7.35723 12.1428 6.9375 11.625 6.9375C11.1072 6.9375 10.6875 7.35723 10.6875 7.875C10.6875 8.39277 11.1072 8.8125 11.625 8.8125Z"
                        />
                        <path
                          d="M10.5 11.25C10.5 10.8358 10.8358 10.5 11.25 10.5C11.6478 10.5 12.0294 10.658 12.3107 10.9393C12.592 11.2206 12.75 11.6022 12.75 12V15.75C13.1642 15.75 13.5 16.0858 13.5 16.5C13.5 16.9142 13.1642 17.25 12.75 17.25C12.3522 17.25 11.9706 17.092 11.6893 16.8107C11.408 16.5294 11.25 16.1478 11.25 15.75V12C10.8358 12 10.5 11.6642 10.5 11.25Z"
                        />
                        <path
                          clip-rule="evenodd"
                          d="M12 2.25C6.61522 2.25 2.25 6.61522 2.25 12C2.25 17.3848 6.61522 21.75 12 21.75C17.3848 21.75 21.75 17.3848 21.75 12C21.75 6.61522 17.3848 2.25 12 2.25ZM3.75 12C3.75 7.44365 7.44365 3.75 12 3.75C16.5563 3.75 20.25 7.44365 20.25 12C20.25 16.5563 16.5563 20.25 12 20.25C7.44365 20.25 3.75 16.5563 3.75 12Z"
                          fill-rule="evenodd"
                        />
                      </svg>
                    </span>
                  </span>
                </div>
              </div>
            </div>
          </div>
        </div>
        <div
          class="c24 c25"
        >
          <div
            class="c26"
            font-weight="500"
            style="white-space: nowrap; letter-spacing: 0.15px;"
          >
            Showing 
            <strong>
              1
            </strong>
             - 
            <strong>
              5
            </strong>
             of
             
            <strong>
              5
            </strong>
          </div>
        </div>
      </form>
      <table
        class="c27"
      >
        <thead>
          <tr>
            <th>
              <a
                style="display: flex; align-items: center;"
              >
                Hostname
                <span
                  class="c22 icon icon-chevronup"
                  title="sort items asc"
                >
                  <svg
                    fill="currentColor"
                    height="24"
                    viewBox="0 0 24 24"
                    width="24"
                  >
                    <path
                      clip-rule="evenodd"
                      d="M11.4697 6.96967C11.7626 6.67678 12.2374 6.67678 12.5303 6.96967L20.0303 14.4697C20.3232 14.7626 20.3232 15.2374 20.0303 15.5303C19.7374 15.8232 19.2626 15.8232 18.9697 15.5303L12 8.56066L5.03033 15.5303C4.73744 15.8232 4.26256 15.8232 3.96967 15.5303C3.67678 15.2374 3.67678 14.7626 3.96967 14.4697L11.4697 6.96967Z"
                      fill-rule="evenodd"
                    />
                  </svg>
                </span>
              </a>
            </th>
            <th
              style="cursor: default;"
            >
              Address
            </th>
            <th
              style="cursor: default;"
            >
              Labels
            </th>
            <th
              style="cursor: default;"
            />
          </tr>
        </thead>
        <tbody>
          <tr>
            <td>
              fujedu
            </td>
            <td>
              172.10.1.20:3022
            </td>
            <td>
              <div
                class="c7 c28"
              >
                <div
                  class="c29 c30"
                  kind="secondary"
                >
                  cluster: one
                </div>
                <div
                  class="c29 c30"
                  kind="secondary"
                >
                  kernel: 4.15.0-51-generic
                </div>
              </div>
            </td>
            <td
              align="right"
            >
              <button
                class="c31"
                height="24px"
                kind="border"
              >
                Connect
                <span
                  class="c32 icon icon-chevrondown"
                  color="text.slightlyMuted"
                >
                  <svg
                    fill="currentColor"
                    height="16"
                    viewBox="0 0 24 24"
                    width="16"
                  >
                    <path
                      clip-rule="evenodd"
                      d="M3.96967 8.46967C4.26256 8.17678 4.73744 8.17678 5.03033 8.46967L12 15.4393L18.9697 8.46967C19.2626 8.17678 19.7374 8.17678 20.0303 8.46967C20.3232 8.76256 20.3232 9.23744 20.0303 9.53033L12.5303 17.0303C12.2374 17.3232 11.7626 17.3232 11.4697 17.0303L3.96967 9.53033C3.67678 9.23744 3.67678 8.76256 3.96967 8.46967Z"
                      fill-rule="evenodd"
                    />
                  </svg>
                </span>
              </button>
            </td>
          </tr>
          <tr>
            <td>
              facuzguv
            </td>
            <td>
              172.10.1.42:3022
            </td>
            <td>
              <div
                class="c7 c28"
              >
                <div
                  class="c29 c30"
                  kind="secondary"
                >
                  cluster: one
                </div>
                <div
                  class="c29 c30"
                  kind="secondary"
                >
                  kernel: 4.15.0-51-generic
                </div>
              </div>
            </td>
            <td
              align="right"
            >
              <button
                class="c31"
                height="24px"
                kind="border"
              >
                Connect
                <span
                  class="c32 icon icon-chevrondown"
                  color="text.slightlyMuted"
                >
                  <svg
                    fill="currentColor"
                    height="16"
                    viewBox="0 0 24 24"
                    width="16"
                  >
                    <path
                      clip-rule="evenodd"
                      d="M3.96967 8.46967C4.26256 8.17678 4.73744 8.17678 5.03033 8.46967L12 15.4393L18.9697 8.46967C19.2626 8.17678 19.7374 8.17678 20.0303 8.46967C20.3232 8.76256 20.3232 9.23744 20.0303 9.53033L12.5303 17.0303C12.2374 17.3232 11.7626 17.3232 11.4697 17.0303L3.96967 9.53033C3.67678 9.23744 3.67678 8.76256 3.96967 8.46967Z"
                      fill-rule="evenodd"
                    />
                  </svg>
                </span>
              </button>
            </td>
          </tr>
          <tr>
            <td>
              duzsevkig
            </td>
            <td>
              <span
                style="cursor: default; white-space: nowrap;"
                title="This node is connected to cluster through reverse tunnel"
              >
                ← tunnel
              </span>
            </td>
            <td>
              <div
                class="c7 c28"
              >
                <div
                  class="c29 c30"
                  kind="secondary"
                >
                  cluster: one
                </div>
                <div
                  class="c29 c30"
                  kind="secondary"
                >
                  kernel: 4.15.0-51-generic
                </div>
              </div>
            </td>
            <td
              align="right"
            >
              <button
                class="c31"
                height="24px"
                kind="border"
              >
                Connect
                <span
                  class="c32 icon icon-chevrondown"
                  color="text.slightlyMuted"
                >
                  <svg
                    fill="currentColor"
                    height="16"
                    viewBox="0 0 24 24"
                    width="16"
                  >
                    <path
                      clip-rule="evenodd"
                      d="M3.96967 8.46967C4.26256 8.17678 4.73744 8.17678 5.03033 8.46967L12 15.4393L18.9697 8.46967C19.2626 8.17678 19.7374 8.17678 20.0303 8.46967C20.3232 8.76256 20.3232 9.23744 20.0303 9.53033L12.5303 17.0303C12.2374 17.3232 11.7626 17.3232 11.4697 17.0303L3.96967 9.53033C3.67678 9.23744 3.67678 8.76256 3.96967 8.46967Z"
                      fill-rule="evenodd"
                    />
                  </svg>
                </span>
              </button>
            </td>
          </tr>
          <tr>
            <td>
              kuhinur
            </td>
            <td>
              <span
                style="cursor: default; white-space: nowrap;"
                title="This node is connected to cluster through reverse tunnel"
              >
                ← tunnel
              </span>
            </td>
            <td>
              <div
                class="c7 c28"
              >
                <div
                  class="c29 c30"
                  kind="secondary"
                >
                  cluster: one
                </div>
                <div
                  class="c29 c30"
                  kind="secondary"
                >
                  kernel: 4.15.0-51-generic
                </div>
              </div>
            </td>
            <td
              align="right"
            >
              <button
                class="c31"
                height="24px"
                kind="border"
              >
                Connect
                <span
                  class="c32 icon icon-chevrondown"
                  color="text.slightlyMuted"
                >
                  <svg
                    fill="currentColor"
                    height="16"
                    viewBox="0 0 24 24"
                    width="16"
                  >
                    <path
                      clip-rule="evenodd"
                      d="M3.96967 8.46967C4.26256 8.17678 4.73744 8.17678 5.03033 8.46967L12 15.4393L18.9697 8.46967C19.2626 8.17678 19.7374 8.17678 20.0303 8.46967C20.3232 8.76256 20.3232 9.23744 20.0303 9.53033L12.5303 17.0303C12.2374 17.3232 11.7626 17.3232 11.4697 17.0303L3.96967 9.53033C3.67678 9.23744 3.67678 8.76256 3.96967 8.46967Z"
                      fill-rule="evenodd"
                    />
                  </svg>
                </span>
              </button>
            </td>
          </tr>
          <tr>
            <td>
              zebpecda
            </td>
            <td>
              172.10.1.24:3022
            </td>
            <td>
              <div
                class="c7 c28"
              >
                <div
                  class="c29 c30"
                  kind="secondary"
                >
                  cluster: one
                </div>
                <div
                  class="c29 c30"
                  kind="secondary"
                >
                  kernel: 4.15.0-51-generic
                </div>
                <div
                  class="c29 c30"
                  kind="secondary"
                >
                  lortavma: one
                </div>
                <div
                  class="c29 c30"
                  kind="secondary"
                >
                  lenisret: 4.15.0-51-generic
                </div>
                <div
                  class="c29 c30"
                  kind="secondary"
                >
                  lofdevod: one
                </div>
                <div
                  class="c29 c30"
                  kind="secondary"
                >
                  llhurlaz: 4.15.0-51-generic
                </div>
              </div>
            </td>
            <td
              align="right"
            >
              <button
                class="c31"
                height="24px"
                kind="border"
              >
                Connect
                <span
                  class="c32 icon icon-chevrondown"
                  color="text.slightlyMuted"
                >
                  <svg
                    fill="currentColor"
                    height="16"
                    viewBox="0 0 24 24"
                    width="16"
                  >
                    <path
                      clip-rule="evenodd"
                      d="M3.96967 8.46967C4.26256 8.17678 4.73744 8.17678 5.03033 8.46967L12 15.4393L18.9697 8.46967C19.2626 8.17678 19.7374 8.17678 20.0303 8.46967C20.3232 8.76256 20.3232 9.23744 20.0303 9.53033L12.5303 17.0303C12.2374 17.3232 11.7626 17.3232 11.4697 17.0303L3.96967 9.53033C3.67678 9.23744 3.67678 8.76256 3.96967 8.46967Z"
                      fill-rule="evenodd"
                    />
                  </svg>
                </span>
              </button>
            </td>
          </tr>
        </tbody>
      </table>
    </div>
  </div>
</div>
`;
